// Jest Snapshot v1, https://goo.gl/fbAQLP

exports[`AirLinePointsOrCash should render the PointsOrCash Component correctly 1`] = `
<div>
  <p>
    Select A Hotel Rewards Program
  </p>
  <PointsOrCash
    data={
      Object {
        "name": "Private hotel",
        "tpg_valuation": 2,
        "type": "hotel",
      }
    }
    program="Hotel"
  />
</div>
`;
